// Vitest Snapshot v1, https://vitest.dev/guide/snapshot.html

exports[`BackToTop Component > should match snapshot 1`] = `
<div>
  <button
    aria-label="Go back to the top of the page"
    class="button fixed bottom-8 right-3 rounded-full bg-gray-400 p-2 text-white shadow-lg hover:bg-gray-500 lg:right-12 dark:bg-gray-800 hover:dark:bg-gray-700"
    data-testid="back-to-top"
    title="Go back to the top of the page"
  >
    <div>
      Icon
    </div>
    <span
      class="sr-only"
    >
      Go back to the top of the page
    </span>
  </button>
</div>
`;
