// Vitest Snapshot v1, https://vitest.dev/guide/snapshot.html

exports[`Footer > should match snapshot 1`] = `
<footer
  class="mx-auto w-full border-t border-zinc-500 pt-8 text-center text-sm"
  data-testid="footer"
>
  <div
    data-testid="social-links"
  />
  <p>
    Unless otherwise noted, all content on this website is licensed under
     
    <a
      href="https://creativecommons.org/licenses/by-nc-nd/4.0/"
    >
      CC BY-NC-ND 4.0
    </a>
    .
  </p>
  <p>
    Â© 2008 - 
    2024
     Greg Rickaby
  </p>
</footer>
`;
