// Vitest Snapshot v1, https://vitest.dev/guide/snapshot.html

exports[`Lightbox > should match the snapshot 1`] = `
<div>
  <button>
    Open
  </button>
  <dialog
    class="fixed inset-0 z-10 flex h-screen w-screen items-center justify-center bg-black bg-opacity-95 p-8"
    data-testid="lightbox"
  >
    <button
      aria-label="Close image"
      class="absolute right-4 top-4 z-50 rounded-full bg-black p-1 text-2xl text-white hover:bg-zinc-800"
      data-testid="close-button"
    >
      <svg
        class="tabler-icon tabler-icon-x "
        fill="none"
        height="24"
        stroke="currentColor"
        stroke-linecap="round"
        stroke-linejoin="round"
        stroke-width="2"
        viewBox="0 0 24 24"
        width="24"
        xmlns="http://www.w3.org/2000/svg"
      >
        <path
          d="M18 6l-12 12"
        />
        <path
          d="M6 6l12 12"
        />
      </svg>
    </button>
    <div
      class="relative flex h-full w-full flex-col items-center justify-center gap-4 rounded-lg md:flex-row"
    >
      <button
        aria-label="Previous image"
        class="absolute left-4 z-50 rounded-full bg-black p-1 text-white hover:bg-zinc-800"
        data-testid="prev-button"
      >
        <svg
          class="tabler-icon tabler-icon-arrow-narrow-left "
          fill="none"
          height="24"
          stroke="currentColor"
          stroke-linecap="round"
          stroke-linejoin="round"
          stroke-width="2"
          viewBox="0 0 24 24"
          width="24"
          xmlns="http://www.w3.org/2000/svg"
        >
          <path
            d="M5 12l14 0"
          />
          <path
            d="M5 12l4 4"
          />
          <path
            d="M5 12l4 -4"
          />
        </svg>
      </button>
      <div
        class="max-w-5xl"
      >
        <img
          alt="1 of 3"
          class="rounded border-4 border-white shadow-2xl md:max-h-[720px] md:max-w-[1280px]"
          data-testid="image"
          loading="eager"
          src="https://via.placeholder.com/600/92c952"
        />
      </div>
      <button
        aria-label="Next image"
        class="absolute right-4 z-50 rounded-full bg-black p-1 text-white hover:bg-zinc-800"
        data-testid="next-button"
      >
        <svg
          class="tabler-icon tabler-icon-arrow-narrow-right "
          fill="none"
          height="24"
          stroke="currentColor"
          stroke-linecap="round"
          stroke-linejoin="round"
          stroke-width="2"
          viewBox="0 0 24 24"
          width="24"
          xmlns="http://www.w3.org/2000/svg"
        >
          <path
            d="M5 12l14 0"
          />
          <path
            d="M15 16l4 -4"
          />
          <path
            d="M15 8l4 4"
          />
        </svg>
      </button>
    </div>
  </dialog>
</div>
`;
