// Vitest Snapshot v1, https://vitest.dev/guide/snapshot.html

exports[`Navigation > should match snapshot 1`] = `
<nav
  class="relative"
  data-testid="nav"
>
  <div
    class="flex items-center justify-between"
  >
    <button
      aria-label="Toggle navigation"
      class="button flex lg:hidden"
    >
      <svg
        class="tabler-icon tabler-icon-menu "
        fill="none"
        height="24"
        stroke="currentColor"
        stroke-linecap="round"
        stroke-linejoin="round"
        stroke-width="2"
        viewBox="0 0 24 24"
        width="24"
        xmlns="http://www.w3.org/2000/svg"
      >
        <path
          d="M4 8l16 0"
        />
        <path
          d="M4 16l16 0"
        />
      </svg>
    </button>
  </div>
  <div
    class="absolute right-0 top-12 z-10 flex-col gap-4 rounded-lg bg-white pb-8 pl-8 pr-0 pt-8 text-right lg:static lg:flex lg:flex-row lg:rounded-none lg:bg-transparent lg:shadow-none dark:bg-gray-950 hidden"
    data-testid="nav-links"
  >
    <a
      class="text-xl hover:underline"
      href="/"
    >
      Home
    </a>
    <a
      class="text-xl hover:underline"
      href="/about"
    >
      About
    </a>
    <a
      class="text-xl hover:underline"
      href="/blog"
    >
      Blog
    </a>
    <a
      class="text-xl hover:underline"
      href="/contact"
    >
      Contact
    </a>
    <a
      class="text-xl hover:underline"
      href="/cv"
    >
      CV
    </a>
    <a
      class="text-xl hover:underline"
      href="/media"
    >
      Media
    </a>
    <a
      class="text-xl hover:underline"
      href="/resources"
    >
      Resources
    </a>
  </div>
</nav>
`;
